#-----------------------------------------------------------
# Vivado v2016.2 (64-bit)
# SW Build 1577090 on Thu Jun  2 16:32:40 MDT 2016
# IP Build 1577682 on Fri Jun  3 12:00:54 MDT 2016
# Start of session at: Fri Jul 06 10:30:11 2018
# Process ID: 9256
# Current directory: C:/Users/zhangyu/Desktop/Research18/ip_repo/Conways_zedboard
# Command line: vivado.exe -gui_launcher_event rodinguilauncherevent13132 C:\Users\zhangyu\Desktop\Research18\ip_repo\Conways_zedboard\Conways_zedboard.xpr
# Log file: C:/Users/zhangyu/Desktop/Research18/ip_repo/Conways_zedboard/vivado.log
# Journal file: C:/Users/zhangyu/Desktop/Research18/ip_repo/Conways_zedboard\vivado.jou
#-----------------------------------------------------------
start_gui
open_project C:/Users/zhangyu/Desktop/Research18/ip_repo/Conways_zedboard/Conways_zedboard.xpr
update_compile_order -fileset sources_1
reset_run synth_1
launch_runs impl_1 -to_step write_bitstream -jobs 4
wait_on_run impl_1
reset_run synth_1
file mkdir C:/Users/zhangyu/Desktop/Research18/ip_repo/Conways_zedboard/Conways_zedboard.srcs/sim_1/new
set_property SOURCE_SET sources_1 [get_filesets sim_1]
close [ open C:/Users/zhangyu/Desktop/Research18/ip_repo/Conways_zedboard/Conways_zedboard.srcs/sim_1/new/Top_tb.sv w ]
add_files -fileset sim_1 C:/Users/zhangyu/Desktop/Research18/ip_repo/Conways_zedboard/Conways_zedboard.srcs/sim_1/new/Top_tb.sv
update_compile_order -fileset sim_1
# Disabling source management mode.  This is to allow the top design properties to be set without GUI intervention.
set_property source_mgmt_mode None [current_project]
set_property top Top_tb [get_filesets sim_1]
set_property top_lib xil_defaultlib [get_filesets sim_1]
# Re-enabling previously disabled source management mode.
set_property source_mgmt_mode All [current_project]
update_compile_order -fileset sim_1
update_compile_order -fileset sim_1
update_compile_order -fileset sim_1
update_compile_order -fileset sim_1
launch_simulation
launch_simulation
source Top_tb.tcl
set_property -name {xsim.simulate.runtime} -value {200ns} -objects [get_filesets sim_1]
relaunch_sim
close_sim
launch_simulation
source Top_tb.tcl
relaunch_sim
relaunch_sim
relaunch_sim
relaunch_sim
add_bp {C:/Users/zhangyu/Desktop/Research18/ip_repo/Conways_zedboard/srcs/FSM.sv} 67
remove_bps -file {C:/Users/zhangyu/Desktop/Research18/ip_repo/Conways_zedboard/srcs/FSM.sv} -line 67
relaunch_sim
update_compile_order -fileset sources_1
update_compile_order -fileset sources_1
relaunch_sim
relaunch_sim
relaunch_sim
launch_runs synth_1 -jobs 4
wait_on_run synth_1
close_sim
launch_simulation
launch_simulation
launch_simulation
