#-----------------------------------------------------------
# Vivado v2016.2 (64-bit)
# SW Build 1577090 on Thu Jun  2 16:32:40 MDT 2016
# IP Build 1577682 on Fri Jun  3 12:00:54 MDT 2016
# Start of session at: Mon Aug 06 09:09:57 2018
# Process ID: 2540
# Current directory: C:/Users/zhangyu/Desktop/Research18/64version/ip_repo/Conways_zedboard
# Command line: vivado.exe -gui_launcher_event rodinguilauncherevent2848 C:\Users\zhangyu\Desktop\Research18\64version\ip_repo\Conways_zedboard\Conways_zedboard.xpr
# Log file: C:/Users/zhangyu/Desktop/Research18/64version/ip_repo/Conways_zedboard/vivado.log
# Journal file: C:/Users/zhangyu/Desktop/Research18/64version/ip_repo/Conways_zedboard\vivado.jou
#-----------------------------------------------------------
start_gui
open_project C:/Users/zhangyu/Desktop/Research18/64version/ip_repo/Conways_zedboard/Conways_zedboard.xpr
update_compile_order -fileset sources_1
reset_run synth_1
launch_runs impl_1 -to_step write_bitstream -jobs 4
wait_on_run impl_1
ipx::open_ipxact_file {C:\Users\zhangyu\Desktop\Research18\64version\ip_repo\Conways_zedboard\component.xml}
set_property core_revision 38 [ipx::current_core]
ipx::create_xgui_files [ipx::current_core]
ipx::update_checksums [ipx::current_core]
ipx::save_core [ipx::current_core]
update_ip_catalog -rebuild -repo_path c:/Users/zhangyu/Desktop/Research18/64version/ip_repo/Conways_zedboard
set_property core_revision 39 [ipx::current_core]
ipx::create_xgui_files [ipx::current_core]
ipx::update_checksums [ipx::current_core]
ipx::save_core [ipx::current_core]
update_ip_catalog -rebuild -repo_path c:/Users/zhangyu/Desktop/Research18/64version/ip_repo/Conways_zedboard
ipx::unload_core c:/Users/zhangyu/Desktop/Research18/64version/ip_repo/Conways_zedboard/component.xml
ipx::open_ipxact_file {C:\Users\zhangyu\Desktop\Research18\64version\ip_repo\Conways_zedboard\component.xml}
ipx::merge_project_changes ports [ipx::current_core]
set_property core_revision 40 [ipx::current_core]
ipx::create_xgui_files [ipx::current_core]
ipx::update_checksums [ipx::current_core]
ipx::save_core [ipx::current_core]
update_ip_catalog -rebuild -repo_path c:/Users/zhangyu/Desktop/Research18/64version/ip_repo/Conways_zedboard
reset_run synth_1
launch_runs impl_1 -to_step write_bitstream -jobs 4
wait_on_run impl_1
set_property core_revision 41 [ipx::current_core]
ipx::create_xgui_files [ipx::current_core]
ipx::update_checksums [ipx::current_core]
ipx::save_core [ipx::current_core]
update_ip_catalog -rebuild -repo_path c:/Users/zhangyu/Desktop/Research18/64version/ip_repo/Conways_zedboard
