#-----------------------------------------------------------
# Vivado v2016.2 (64-bit)
# SW Build 1577090 on Thu Jun  2 16:32:40 MDT 2016
# IP Build 1577682 on Fri Jun  3 12:00:54 MDT 2016
# Start of session at: Thu Jul 05 09:44:24 2018
# Process ID: 11400
# Current directory: C:/Users/zhangyu/Desktop/Research18/ip_repo/Conways_zedboard
# Command line: vivado.exe -gui_launcher_event rodinguilauncherevent11124 C:\Users\zhangyu\Desktop\Research18\ip_repo\Conways_zedboard\Conways_zedboard.xpr
# Log file: C:/Users/zhangyu/Desktop/Research18/ip_repo/Conways_zedboard/vivado.log
# Journal file: C:/Users/zhangyu/Desktop/Research18/ip_repo/Conways_zedboard\vivado.jou
#-----------------------------------------------------------
start_gui
open_project C:/Users/zhangyu/Desktop/Research18/ip_repo/Conways_zedboard/Conways_zedboard.xpr
update_compile_order -fileset sources_1
ipx::open_ipxact_file {C:\Users\zhangyu\Desktop\Research18\ip_repo\Conways_zedboard\component.xml}
set_property core_revision 8 [ipx::current_core]
ipx::create_xgui_files [ipx::current_core]
ipx::update_checksums [ipx::current_core]
ipx::save_core [ipx::current_core]
update_ip_catalog -rebuild -repo_path c:/Users/zhangyu/Desktop/Research18/ip_repo/Conways_zedboard
set_property core_revision 9 [ipx::current_core]
ipx::create_xgui_files [ipx::current_core]
ipx::update_checksums [ipx::current_core]
ipx::save_core [ipx::current_core]
update_ip_catalog -rebuild -repo_path c:/Users/zhangyu/Desktop/Research18/ip_repo/Conways_zedboard
ipx::add_bus_interface a [ipx::current_core]
set_property abstraction_type_vlnv xilinx.com:interface:aximm_rtl:1.0 [ipx::get_bus_interfaces a -of_objects [ipx::current_core]]
set_property bus_type_vlnv xilinx.com:interface:aximm:1.0 [ipx::get_bus_interfaces a -of_objects [ipx::current_core]]
set_property interface_mode master [ipx::get_bus_interfaces a -of_objects [ipx::current_core]]
ipx::remove_bus_interface a [ipx::current_core]
reset_run synth_1
launch_runs synth_1 -jobs 4
wait_on_run synth_1
ipx::remove_port write [ipx::current_core]
ipx::remove_port step [ipx::current_core]
set_property core_revision 10 [ipx::current_core]
ipx::create_xgui_files [ipx::current_core]
ipx::update_checksums [ipx::current_core]
ipx::save_core [ipx::current_core]
update_ip_catalog -rebuild -repo_path c:/Users/zhangyu/Desktop/Research18/ip_repo/Conways_zedboard
set_property core_revision 11 [ipx::current_core]
ipx::create_xgui_files [ipx::current_core]
ipx::update_checksums [ipx::current_core]
ipx::save_core [ipx::current_core]
update_ip_catalog -rebuild -repo_path c:/Users/zhangyu/Desktop/Research18/ip_repo/Conways_zedboard
ipx::remove_port leds [ipx::current_core]
set_property core_revision 12 [ipx::current_core]
ipx::create_xgui_files [ipx::current_core]
ipx::update_checksums [ipx::current_core]
ipx::save_core [ipx::current_core]
update_ip_catalog -rebuild -repo_path c:/Users/zhangyu/Desktop/Research18/ip_repo/Conways_zedboard
set_property core_revision 13 [ipx::current_core]
ipx::create_xgui_files [ipx::current_core]
ipx::update_checksums [ipx::current_core]
ipx::save_core [ipx::current_core]
update_ip_catalog -rebuild -repo_path c:/Users/zhangyu/Desktop/Research18/ip_repo/Conways_zedboard
set_property core_revision 14 [ipx::current_core]
ipx::create_xgui_files [ipx::current_core]
ipx::update_checksums [ipx::current_core]
ipx::save_core [ipx::current_core]
update_ip_catalog -rebuild -repo_path c:/Users/zhangyu/Desktop/Research18/ip_repo/Conways_zedboard
set_property core_revision 15 [ipx::current_core]
ipx::create_xgui_files [ipx::current_core]
ipx::update_checksums [ipx::current_core]
ipx::save_core [ipx::current_core]
update_ip_catalog -rebuild -repo_path c:/Users/zhangyu/Desktop/Research18/ip_repo/Conways_zedboard
set_property core_revision 16 [ipx::current_core]
ipx::create_xgui_files [ipx::current_core]
ipx::update_checksums [ipx::current_core]
ipx::save_core [ipx::current_core]
update_ip_catalog -rebuild -repo_path c:/Users/zhangyu/Desktop/Research18/ip_repo/Conways_zedboard
set_property core_revision 17 [ipx::current_core]
ipx::create_xgui_files [ipx::current_core]
ipx::update_checksums [ipx::current_core]
ipx::save_core [ipx::current_core]
update_ip_catalog -rebuild -repo_path c:/Users/zhangyu/Desktop/Research18/ip_repo/Conways_zedboard
